WARNING: All log messages before absl::InitializeLog() is called are written to STDERR
E0000 00:00:1761261688.781329   32198 alts_credentials.cc:93] ALTS creds ignored. Not running on GCP and untrusted ALTS is not enabled.
Retrying langchain_google_genai.chat_models._chat_with_retry.<locals>._chat_with_retry in 2.0 seconds as it raised NotFound: 404 models/gemini-1.5-pro is not found for API version v1beta, or is not supported for generateContent. Call ListModels to see the list of available models and their supported methods..
Retrying langchain_google_genai.chat_models._chat_with_retry.<locals>._chat_with_retry in 4.0 seconds as it raised NotFound: 404 models/gemini-1.5-pro is not found for API version v1beta, or is not supported for generateContent. Call ListModels to see the list of available models and their supported methods..
Retrying langchain_google_genai.chat_models._chat_with_retry.<locals>._chat_with_retry in 8.0 seconds as it raised NotFound: 404 models/gemini-1.5-pro is not found for API version v1beta, or is not supported for generateContent. Call ListModels to see the list of available models and their supported methods..
Retrying langchain_google_genai.chat_models._chat_with_retry.<locals>._chat_with_retry in 16.0 seconds as it raised NotFound: 404 models/gemini-1.5-pro is not found for API version v1beta, or is not supported for generateContent. Call ListModels to see the list of available models and their supported methods..
Retrying langchain_google_genai.chat_models._chat_with_retry.<locals>._chat_with_retry in 32.0 seconds as it raised NotFound: 404 models/gemini-1.5-pro is not found for API version v1beta, or is not supported for generateContent. Call ListModels to see the list of available models and their supported methods..
Retrying langchain_google_genai.chat_models._chat_with_retry.<locals>._chat_with_retry in 2.0 seconds as it raised NotFound: 404 models/gemini-1.5-pro is not found for API version v1beta, or is not supported for generateContent. Call ListModels to see the list of available models and their supported methods..
Retrying langchain_google_genai.chat_models._chat_with_retry.<locals>._chat_with_retry in 4.0 seconds as it raised NotFound: 404 models/gemini-1.5-pro is not found for API version v1beta, or is not supported for generateContent. Call ListModels to see the list of available models and their supported methods..
Retrying langchain_google_genai.chat_models._chat_with_retry.<locals>._chat_with_retry in 8.0 seconds as it raised NotFound: 404 models/gemini-1.5-pro is not found for API version v1beta, or is not supported for generateContent. Call ListModels to see the list of available models and their supported methods..
